[themesflat.com/html/cosine/index.html]
[backblue.gif]
[fade.gif]
[index.html]
[themesflat.com/html/cosine/stylesheets/bootstrap.css]
[themesflat.com/html/cosine/stylesheets/style.css]
[themesflat.com/html/cosine/stylesheets/responsive.css]
[themesflat.com/html/cosine/stylesheets/animate.css]
[themesflat.com/html/cosine/icon/apple-touch-icon-48-precomposed.png]
[themesflat.com/html/cosine/icon/apple-touch-icon-32-precomposed.png]
[themesflat.com/html/cosine/icon/favicon.png]
[themesflat.com/html/cosine/search.html]
[themesflat.com/html/cosine/404.html]
[themesflat.com/html/cosine/portfolio.html]
[themesflat.com/html/cosine/portfolio-masonry.html]
[themesflat.com/html/cosine/portfolio-grid-alt.html]
[themesflat.com/html/cosine/portfolio-single.html]
[themesflat.com/html/cosine/portfolio-single-v2.html]
[themesflat.com/html/cosine/blog.html]
[themesflat.com/html/cosine/blog-v1.html]
[themesflat.com/html/cosine/shop.html]
[themesflat.com/html/cosine/shop-detail.html]
[themesflat.com/html/cosine/images/logo.png]
[themesflat.com/html/cosine/index_1.html]
[themesflat.com/html/cosine/index_2.html]
[themesflat.com/html/cosine/index_3.html]
[themesflat.com/html/cosine/about.html]
[themesflat.com/html/cosine/training-program.html]
[themesflat.com/html/cosine/blog-single.html]
[themesflat.com/html/cosine/images/blog/c1.jpg]
[themesflat.com/html/cosine/images/blog/c2.jpg]
[themesflat.com/html/cosine/images/portfolio/9.jpg]
[themesflat.com/html/cosine/company-history.html]
[themesflat.com/html/cosine/leadership-team.html]
[themesflat.com/html/cosine/partners-clients.html]
[themesflat.com/html/cosine/testimonials.html]
[themesflat.com/html/cosine/faq.html]
[themesflat.com/html/cosine/awards-recognition.html]
[themesflat.com/html/cosine/services.html]
[themesflat.com/html/cosine/services-detail.html]
[themesflat.com/html/cosine/services-detail-v1.html]
[themesflat.com/html/cosine/services-detail-v2.html]
[themesflat.com/html/cosine/training-program-detail.html]
[themesflat.com/html/cosine/training-program-detail-v1.html]
[themesflat.com/html/cosine/training-program-detail-v2.html]
[themesflat.com/html/cosine/training-program-detail-v3.html]
[themesflat.com/html/cosine/training-program-detail-v4.html]
[themesflat.com/html/cosine/training-program-detail-v5.html]
[themesflat.com/html/cosine/contact.html]
[themesflat.com/html/cosine/images/slides/1.jpg]
[themesflat.com/html/cosine/images/slides/2.jpg]
[themesflat.com/html/cosine/images/slides/3.jpg]
[themesflat.com/html/cosine/images/imagebox/1.jpg]
[themesflat.com/html/cosine/images/imagebox/2.jpg]
[themesflat.com/html/cosine/images/imagebox/3.jpg]
[themesflat.com/html/cosine/images/blog/1.jpg]
[themesflat.com/html/cosine/images/blog/2.jpg]
[themesflat.com/html/cosine/images/blog/c3.jpg]
[themesflat.com/html/cosine/images/blog/c4.jpg]
[themesflat.com/html/cosine/images/v1.jpg]
[themesflat.com/html/cosine/images/client/c1.png]
[themesflat.com/html/cosine/images/client/c2.png]
[themesflat.com/html/cosine/images/client/c3.png]
[themesflat.com/html/cosine/images/client/c4.png]
[themesflat.com/html/cosine/images/client/c5.png]
[themesflat.com/html/cosine/images/client/c6.png]
[themesflat.com/html/cosine/images/testimonials/t1.jpg]
[themesflat.com/html/cosine/images/testimonials/t2.jpg]
[themesflat.com/html/cosine/images/testimonials/t3.jpg]
[themesflat.com/html/cosine/images/logo-ft.png]
[themesflat.com/html/cosine/javascript/jquery.min.js]
[themesflat.com/html/cosine/javascript/bootstrap.min.js]
[themesflat.com/html/cosine/javascript/jquery.easing.js]
[themesflat.com/html/cosine/javascript/owl.carousel.js]
[themesflat.com/html/cosine/javascript/jquery-waypoints.js]
[themesflat.com/html/cosine/javascript/jquery.fancybox.js]
[themesflat.com/html/cosine/javascript/jquery.cookie.js]
[themesflat.com/html/cosine/javascript/gmap3.min.js]
[themesflat.com/html/cosine/javascript/parallax.js]
[themesflat.com/html/cosine/javascript/switcher.js]
[themesflat.com/html/cosine/javascript/smoothscroll.js]
[themesflat.com/html/cosine/javascript/jquery-validate.js]
[themesflat.com/html/cosine/javascript/main.js]
[themesflat.com/html/cosine/javascript/jquery.themepunch.tools.min.js]
[themesflat.com/html/cosine/javascript/jquery.themepunch.revolution.min.js]
[themesflat.com/html/cosine/javascript/slider.js]
[themesflat.com/html/cosine/index.html]
[themesflat.com/html/cosine/fonts/glyphicons-halflings-regular.eot]
[themesflat.com/html/cosine/fonts/glyphicons-halflings-regulard41d.eot]
[themesflat.com/html/cosine/fonts/glyphicons-halflings-regular.woff2]
[themesflat.com/html/cosine/fonts/glyphicons-halflings-regular.woff]
[themesflat.com/html/cosine/fonts/glyphicons-halflings-regular.ttf]
[themesflat.com/html/cosine/fonts/glyphicons-halflings-regular.svg]
[themesflat.com/html/cosine/stylesheets/bootstrap.css]
[themesflat.com/html/cosine/stylesheets/font-awesome.css]
[themesflat.com/html/cosine/stylesheets/flexslider.css]
[themesflat.com/html/cosine/stylesheets/owl.carousel.css]
[themesflat.com/html/cosine/stylesheets/shortcodes.css]
[themesflat.com/html/cosine/stylesheets/revolution-slider.css]
[themesflat.com/html/cosine/stylesheets/magnific-popup.css]
[themesflat.com/html/cosine/stylesheets/justifiedGallery.css]
[themesflat.com/html/cosine/stylesheets/jquery.fancybox.css]
[themesflat.com/html/cosine/images/icon/caret.png]
[themesflat.com/html/cosine/images/icon/arrow.png]
[themesflat.com/html/cosine/images/parallax/bg-parallax1.jpg]
[themesflat.com/html/cosine/images/parallax/bg-parallax2.jpg]
[themesflat.com/html/cosine/images/parallax/bg-parallax3.png]
[themesflat.com/html/cosine/images/parallax/bg-parallax4.jpg]
[themesflat.com/html/cosine/images/parallax/bg-parallax5.png]
[themesflat.com/html/cosine/images/parallax/bg-parallax5.69.delayed]
[themesflat.com/html/cosine/images/icon/preloader.gif]
[themesflat.com/html/cosine/stylesheets/style.css]
[themesflat.com/html/cosine/stylesheets/responsive.css]
[themesflat.com/html/cosine/stylesheets/colors/color1.css]
[themesflat.com/html/cosine/stylesheets/animate.css]
[themesflat.com/html/cosine/search.html]
[themesflat.com/html/cosine/images/404.png]
[themesflat.com/html/cosine/404.html]
[themesflat.com/html/cosine/images/portfolio/1.jpg]
[themesflat.com/html/cosine/images/portfolio/2.jpg]
[themesflat.com/html/cosine/images/portfolio/3.jpg]
[themesflat.com/html/cosine/images/portfolio/4.jpg]
[themesflat.com/html/cosine/images/portfolio/5.jpg]
[themesflat.com/html/cosine/images/portfolio/6.jpg]
[themesflat.com/html/cosine/images/portfolio/7.jpg]
[themesflat.com/html/cosine/images/portfolio/8.jpg]
[themesflat.com/html/cosine/portfolio.html]
[themesflat.com/html/cosine/javascript/imagesloaded.min.js]
[themesflat.com/html/cosine/portfolio-masonry.html]
[themesflat.com/html/cosine/portfolio-grid-alt.html]
[themesflat.com/html/cosine/images/portfolio/ps1.jpg]
[themesflat.com/html/cosine/javascript/jquery.isotope.min.js]
[themesflat.com/html/cosine/images/portfolio/ps2.jpg]
[themesflat.com/html/cosine/javascript/jquery.flexslider-min.js]
[themesflat.com/html/cosine/javascript/jquery.magnific-popup.min.js]
[themesflat.com/html/cosine/portfolio-single.html]
[themesflat.com/html/cosine/portfolio-single-v2.html]
[themesflat.com/html/cosine/images/blog/b1.jpg]
[themesflat.com/html/cosine/blog-singel.html]
[themesflat.com/html/cosine/images/blog/b2.jpg]
[themesflat.com/html/cosine/images/blog/b3.jpg]
[themesflat.com/html/cosine/images/blog/b4.jpg]
[themesflat.com/html/cosine/images/blog/b5.jpg]
[themesflat.com/html/cosine/blog.html]
[themesflat.com/html/cosine/images/blog/3.jpg]
[themesflat.com/html/cosine/images/blog/4.jpg]
[themesflat.com/html/cosine/images/blog/5.jpg]
[themesflat.com/html/cosine/images/blog/6.jpg]
[themesflat.com/html/cosine/blog-v1.html]
[themesflat.com/html/cosine/images/products/1.jpg]
[themesflat.com/html/cosine/images/products/2.jpg]
[themesflat.com/html/cosine/images/products/3.jpg]
[themesflat.com/html/cosine/images/products/4.jpg]
[themesflat.com/html/cosine/images/products/5.jpg]
[themesflat.com/html/cosine/images/products/6.jpg]
[themesflat.com/html/cosine/images/products/7.jpg]
[themesflat.com/html/cosine/images/products/8.jpg]
[themesflat.com/html/cosine/shop.html]
[themesflat.com/html/cosine/images/icon/author.png]
[themesflat.com/html/cosine/shop-detail.html]
[themesflat.com/html/cosine/index_1.html]
[themesflat.com/html/cosine/index_2.html]
[themesflat.com/html/cosine/index_3.html]
[themesflat.com/html/cosine/images/about/1.jpg]
[themesflat.com/html/cosine/images/about/2.jpg]
[themesflat.com/html/cosine/images/11.jpg]
[themesflat.com/html/cosine/about.html]
[themesflat.com/html/cosine/javascript/jquery-countTo.js]
[themesflat.com/html/cosine/images/training/1.jpg]
[themesflat.com/html/cosine/18002323485]
[themesflat.com/html/cosine/training-program.html]
[themesflat.com/html/cosine/blog-single.html]
[themesflat.com/html/cosine/company-history.html]
[themesflat.com/html/cosine/images/member/1.jpg]
[themesflat.com/html/cosine/images/member/2.jpg]
[themesflat.com/html/cosine/images/member/3.jpg]
[themesflat.com/html/cosine/images/member/4.jpg]
[themesflat.com/html/cosine/images/member/5.jpg]
[themesflat.com/html/cosine/leadership-team.html]
[themesflat.com/html/cosine/images/client/1.jpg]
[themesflat.com/html/cosine/images/client/2.jpg]
[themesflat.com/html/cosine/images/client/3.jpg]
[themesflat.com/html/cosine/images/client/4.jpg]
[themesflat.com/html/cosine/images/client/5.jpg]
[themesflat.com/html/cosine/images/client/6.jpg]
[themesflat.com/html/cosine/images/client/7.jpg]
[themesflat.com/html/cosine/images/client/8.jpg]
[themesflat.com/html/cosine/images/client/9.jpg]
[themesflat.com/html/cosine/images/client/10.jpg]
[themesflat.com/html/cosine/partners-clients.html]
[themesflat.com/html/cosine/testimonials.html]
[themesflat.com/html/cosine/faq.html]
[themesflat.com/html/cosine/images/about/a1.jpg]
[themesflat.com/html/cosine/images/about/a2.jpg]
[themesflat.com/html/cosine/images/about/a3.jpg]
[themesflat.com/html/cosine/images/about/a4.jpg]
[themesflat.com/html/cosine/images/about/a5.jpg]
[themesflat.com/html/cosine/awards-recognition.html]
[themesflat.com/html/cosine/services.html]
[themesflat.com/html/cosine/images/services/1.jpg]
[themesflat.com/html/cosine/images/services/2.jpg]
[themesflat.com/html/cosine/services-detail.html]
[themesflat.com/html/cosine/images/services/3.jpg]
[themesflat.com/html/cosine/services-detail-v1.html]
[themesflat.com/html/cosine/services-detail-v2.html]
[themesflat.com/html/cosine/images/training/d1.jpg]
[themesflat.com/html/cosine/training-program-detail.html]
[themesflat.com/html/cosine/images/training/d2.jpg]
[themesflat.com/html/cosine/training-program-detail-v1.html]
[themesflat.com/html/cosine/images/training/d3.jpg]
[themesflat.com/html/cosine/training-program-detail-v2.html]
[themesflat.com/html/cosine/images/training/d4.jpg]
[themesflat.com/html/cosine/training-program-detail-v3.html]
[themesflat.com/html/cosine/images/training/d5.jpg]
[themesflat.com/html/cosine/training-program-detail-v4.html]
[themesflat.com/html/cosine/images/training/d6.jpg]
[themesflat.com/html/cosine/training-program-detail-v5.html]
[themesflat.com/html/cosine/contact.html]
[themesflat.com/html/cosine/fonts/glyphicons-halflings-regular.html]
[themesflat.com/html/cosine/fonts/glyphicons-halflings-regulard41d.html]
[themesflat.com/html/cosine/fonts/glyphicons-halflings-regular-2.html]
[themesflat.com/html/cosine/fonts/glyphicons-halflings-regular-3.html]
[themesflat.com/html/cosine/fonts/glyphicons-halflings-regular-4.html]
[themesflat.com/html/cosine/fonts/glyphicons-halflings-regular-5.html]
[themesflat.com/html/cosine/fonts/fontawesome-webfont5b62.eot]
[themesflat.com/html/cosine/fonts/fontawesome-webfontd41d.eot]
[themesflat.com/html/cosine/fonts/fontawesome-webfont5b62.woff]
[themesflat.com/html/cosine/fonts/fontawesome-webfont5b62.ttf]
[themesflat.com/html/cosine/stylesheets/font-awesome.css]
[themesflat.com/html/cosine/stylesheets/fonts/flexslider-icon.eot]
[themesflat.com/html/cosine/stylesheets/fonts/flexslider-icond41d.eot]
[themesflat.com/html/cosine/stylesheets/fonts/flexslider-icon.woff]
[themesflat.com/html/cosine/fonts/fontawesome-webfont5b62.woff2]
[themesflat.com/html/cosine/stylesheets/fonts/flexslider-icon.ttf]
[themesflat.com/html/cosine/stylesheets/fonts/flexslider-icon.svg]
[themesflat.com/html/cosine/stylesheets/flexslider.css]
[themesflat.com/html/cosine/stylesheets/owl.video.play.png]
[themesflat.com/html/cosine/stylesheets/owl.carousel.css]
[themesflat.com/html/cosine/images/services/bg1.jpg]
[themesflat.com/html/cosine/stylesheets/shortcodes.css]
[themesflat.com/html/img/revolution-slider/gradient/g30.bd.delayed]
[themesflat.com/html/img/revolution-slider/gradient/g40.png]
[themesflat.com/html/assets/revolution-slider/shadow1.png]
[themesflat.com/html/assets/revolution-slider/shadow2.png]
[themesflat.com/html/assets/revolution-slider/shadow3.png]
[themesflat.com/html/assets/revolution-slider/gridtile.png]
[themesflat.com/html/assets/revolution-slider/gridtile_white.png]
[themesflat.com/html/assets/revolution-slider/gridtile_3x3.png]
[themesflat.com/html/assets/revolution-slider/gridtile_3x3_white.png]
[themesflat.com/html/assets/revolution-slider/boxed_bgtile.png]
[themesflat.com/html/assets/revolution-slider/navigdots_bgtile.png]
[themesflat.com/html/assets/revolution-slider/bullet.png]
[themesflat.com/html/assets/revolution-slider/bullets.png]
[themesflat.com/html/assets/revolution-slider/bullets2.png]
[themesflat.com/html/assets/revolution-slider/bullet_boxed.png]
[themesflat.com/html/assets/revolution-slider/navigdots.png]
[themesflat.com/html/assets/revolution-slider/small_left.png]
[themesflat.com/html/assets/revolution-slider/small_right.png]
[themesflat.com/html/assets/revolution-slider/arrow_left.png]
[themesflat.com/html/assets/revolution-slider/arrow_right.png]
[themesflat.com/html/assets/revolution-slider/small_left_boxed.png]
[themesflat.com/html/assets/revolution-slider/small_right_boxed.png]
[themesflat.com/html/assets/revolution-slider/arrowleft.png]
[themesflat.com/html/assets/revolution-slider/arrowright.png]
[themesflat.com/html/cosine/images/slides/timer.png]
[themesflat.com/html/assets/revolution-slider/coloredbg.png]
[themesflat.com/html/assets/revolution-slider/loader.gif]
[themesflat.com/html/cosine/font/revicons90c690c6.eot]
[themesflat.com/html/cosine/font/revicons90c690c6.woff]
[themesflat.com/html/cosine/font/revicons90c690c6.ttf]
[themesflat.com/html/cosine/font/revicons90c690c6.svg]
[themesflat.com/html/cosine/stylesheets/revolution-slider.css]
[themesflat.com/html/cosine/stylesheets/magnific-popup.css]
[themesflat.com/html/cosine/stylesheets/justifiedGallery.css]
[themesflat.com/html/cosine/images/facybox/fancybox_sprite.png]
[themesflat.com/html/cosine/images/facybox/fancybox_loading.gif]
[themesflat.com/html/cosine/images/facybox/blank.gif]
[themesflat.com/html/cosine/images/facybox/fancybox_overlay.png]
[themesflat.com/html/cosine/stylesheets/fancybox_sprite@2x.png]
[themesflat.com/html/cosine/stylesheets/fancybox_loading@2x.gif]
[themesflat.com/html/cosine/stylesheets/jquery.fancybox.css]
[themesflat.com/html/cosine/images/parallax/bg-parallax5.html]
[themesflat.com/html/cosine/blog-singel.html]
[themesflat.com/html/cosine/18002323485.html]
[themesflat.com/html/cosine/fonts/fontawesome-webfont5b62.svg]
[themesflat.com/html/cosine/stylesheets/fonts/flexslider-icon.html]
[themesflat.com/html/cosine/stylesheets/fonts/flexslider-icond41d.html]
[themesflat.com/html/cosine/stylesheets/fonts/flexslider-icon-2.html]
[themesflat.com/html/cosine/stylesheets/fonts/flexslider-icon-3.html]
[themesflat.com/html/cosine/stylesheets/fonts/flexslider-icon-4.html]
[themesflat.com/html/cosine/stylesheets/owl.video.play.html]
[themesflat.com/html/img/revolution-slider/gradient/g30.html]
[themesflat.com/html/img/revolution-slider/gradient/g40.html]
[themesflat.com/html/assets/revolution-slider/shadow1.html]
[themesflat.com/html/assets/revolution-slider/shadow2.html]
[themesflat.com/html/assets/revolution-slider/shadow3.html]
[themesflat.com/html/assets/revolution-slider/gridtile.html]
[themesflat.com/html/assets/revolution-slider/gridtile_white.html]
[themesflat.com/html/assets/revolution-slider/gridtile_3x3.html]
[themesflat.com/html/assets/revolution-slider/gridtile_3x3_white.html]
[themesflat.com/html/assets/revolution-slider/boxed_bgtile.html]
[themesflat.com/html/assets/revolution-slider/navigdots_bgtile.html]
[themesflat.com/html/assets/revolution-slider/bullet.html]
[themesflat.com/html/assets/revolution-slider/bullets.html]
[themesflat.com/html/assets/revolution-slider/bullets2.html]
[themesflat.com/html/assets/revolution-slider/bullet_boxed.html]
[themesflat.com/html/assets/revolution-slider/navigdots.html]
[themesflat.com/html/assets/revolution-slider/small_left.html]
[themesflat.com/html/assets/revolution-slider/small_right.html]
[themesflat.com/html/assets/revolution-slider/arrow_left.html]
[themesflat.com/html/assets/revolution-slider/arrow_right.html]
[themesflat.com/html/assets/revolution-slider/small_left_boxed.html]
[themesflat.com/html/assets/revolution-slider/small_right_boxed.html]
[themesflat.com/html/assets/revolution-slider/arrowleft.html]
[themesflat.com/html/assets/revolution-slider/arrowright.html]
[themesflat.com/html/assets/revolution-slider/coloredbg.html]
[themesflat.com/html/assets/revolution-slider/loader.html]
[themesflat.com/html/cosine/font/revicons90c690c6.html]
[themesflat.com/html/cosine/font/revicons90c690c6-2.html]
[themesflat.com/html/cosine/stylesheets/fancybox_sprite@2x.html]
[themesflat.com/html/cosine/stylesheets/fancybox_loading@2x.html]
