[corpthemes.com/html/sumi/index04b9.html]
[backblue.gif]
[fade.gif]
[index.html]
[corpthemes.com/html/sumi/stylesheets/bootstrap.css]
[corpthemes.com/html/sumi/stylesheets/style.css]
[corpthemes.com/html/sumi/stylesheets/responsive.css]
[corpthemes.com/html/sumi/stylesheets/jquery.datetimepicker.css]
[maxcdn.bootstrapcdn.com/font-awesome/4.7.0/css/font-awesome.min.css]
[corpthemes.com/html/sumi/stylesheets/animate.css]
[corpthemes.com/html/sumi/icon/apple-touch-icon-48-precomposed.png]
[corpthemes.com/html/sumi/icon/apple-touch-icon-32-precomposed.png]
[corpthemes.com/html/sumi/icon/favicon.png]
[corpthemes.com/html/sumi/images/logo.png]
[corpthemes.com/html/sumi/index.html]
[corpthemes.com/html/sumi/menu.html]
[corpthemes.com/html/sumi/menu-single.html]
[corpthemes.com/html/sumi/reservation.html]
[corpthemes.com/html/sumi/shop.html]
[corpthemes.com/html/sumi/blog.html]
[corpthemes.com/html/sumi/blog-single.html]
[corpthemes.com/html/sumi/about.html]
[corpthemes.com/html/sumi/gallary.html]
[corpthemes.com/html/sumi/contact.html]
[corpthemes.com/html/sumi/images/slides/2.jpg]
[corpthemes.com/html/sumi/images/slides/1.jpg]
[corpthemes.com/html/sumi/images/imagebox/1.png]
[corpthemes.com/html/sumi/images/imagebox/2.jpg]
[corpthemes.com/html/sumi/images/imagebox/3.jpg]
[corpthemes.com/html/sumi/images/imagebox/4.jpg]
[corpthemes.com/html/sumi/images/menufood/1.png]
[corpthemes.com/html/sumi/images/menufood/2.png]
[corpthemes.com/html/sumi/images/menufood/3.png]
[corpthemes.com/html/sumi/images/menufood/4.png]
[corpthemes.com/html/sumi/images/menufood/5.png]
[corpthemes.com/html/sumi/images/menufood/6.png]
[corpthemes.com/html/sumi/images/menufood/7.png]
[corpthemes.com/html/sumi/images/menufood/8.png]
[corpthemes.com/html/sumi/images/menufood/9.png]
[corpthemes.com/html/sumi/images/menufood/10.png]
[corpthemes.com/html/sumi/gallery-list.html]
[corpthemes.com/html/sumi/images/portfolio/1.jpg]
[corpthemes.com/html/sumi/images/portfolio/3.jpg]
[corpthemes.com/html/sumi/images/portfolio/5.jpg]
[corpthemes.com/html/sumi/images/portfolio/4.jpg]
[corpthemes.com/html/sumi/images/portfolio/6.jpg]
[corpthemes.com/html/sumi/images/portfolio/2.jpg]
[corpthemes.com/html/sumi/images/maketrevation/1.png]
[corpthemes.com/html/sumi/images/blog/sh3.jpg]
[corpthemes.com/html/sumi/images/blog/sh1.jpg]
[corpthemes.com/html/sumi/images/blog/sh2.jpg]
[corpthemes.com/html/sumi/images/blog/5.jpg]
[corpthemes.com/html/sumi/images/blog/6.jpg]
[corpthemes.com/html/sumi/images/instagram/1.jpg]
[corpthemes.com/html/sumi/images/instagram/2.jpg]
[corpthemes.com/html/sumi/images/instagram/3.jpg]
[corpthemes.com/html/sumi/images/instagram/4.jpg]
[corpthemes.com/html/sumi/images/instagram/5.jpg]
[corpthemes.com/html/sumi/images/instagram/6.jpg]
[corpthemes.com/html/sumi/themesflat.com]
[corpthemes.com/html/sumi/javascript/jquery.min.js]
[corpthemes.com/html/sumi/javascript/jquery.easing.js]
[corpthemes.com/html/sumi/javascript/bootstrap.min.js]
[corpthemes.com/html/sumi/javascript/imagesloaded.min.js]
[corpthemes.com/html/sumi/javascript/jquery.datetimepicker.full.min.js]
[corpthemes.com/html/sumi/javascript/jquery-waypoints.js]
[corpthemes.com/html/sumi/javascript/jquery.cookie.js]
[corpthemes.com/html/sumi/javascript/jquery.isotope.min.js]
[corpthemes.com/html/sumi/javascript/jquery.magnific-popup.min.js]
[corpthemes.com/html/sumi/javascript/parallax.js]
[corpthemes.com/html/sumi/javascript/smoothscroll.js]
[corpthemes.com/html/sumi/javascript/jquery.flexslider-min.js]
[corpthemes.com/html/sumi/javascript/jquery-validate.js]
[corpthemes.com/html/sumi/javascript/owl.carousel.js]
[corpthemes.com/html/sumi/javascript/gmap3.min.js]
[corpthemes.com/html/sumi/javascript/main.js]
[corpthemes.com/html/sumi/javascript/jquery.fancybox.js]
[corpthemes.com/html/sumi/index04b9.html]
[corpthemes.com/html/sumi/javascript/slider.js]
[corpthemes.com/html/sumi/javascript/jquery.themepunch.tools.min.js]
[corpthemes.com/html/sumi/javascript/jquery.themepunch.revolution.min.js]
[corpthemes.com/html/sumi/fonts/glyphicons-halflings-regular.eot]
[corpthemes.com/html/sumi/fonts/glyphicons-halflings-regulard41d.eot]
[corpthemes.com/html/sumi/fonts/glyphicons-halflings-regular.woff2]
[corpthemes.com/html/sumi/fonts/glyphicons-halflings-regular.woff]
[corpthemes.com/html/sumi/fonts/glyphicons-halflings-regular.ttf]
[corpthemes.com/html/sumi/fonts/glyphicons-halflings-regular.svg]
[corpthemes.com/html/sumi/stylesheets/bootstrap.css]
[corpthemes.com/html/sumi/stylesheets/font-awesome.css]
[corpthemes.com/html/sumi/stylesheets/ionicons.css]
[corpthemes.com/html/sumi/stylesheets/flexslider.css]
[corpthemes.com/html/sumi/stylesheets/owl.carousel.css]
[corpthemes.com/html/sumi/stylesheets/shortcodes.css]
[corpthemes.com/html/sumi/stylesheets/revolution-slider.css]
[corpthemes.com/html/sumi/stylesheets/jquery.fancybox.css]
[corpthemes.com/html/sumi/stylesheets/magnific-popup.css]
[corpthemes.com/html/sumi/images/imagebox/1.jpg]
[corpthemes.com/html/sumi/images/parallax/1.jpg]
[corpthemes.com/html/sumi/images/parallax/bg-parallax2.jpg]
[corpthemes.com/html/sumi/images/parallax/bg-parallax3.jpg]
[corpthemes.com/html/sumi/images/parallax/bg-parallax5.jpg]
[corpthemes.com/html/sumi/images/parallax/bg-parallax4.jpg]
[corpthemes.com/html/sumi/images/parallax/bg-parallax7.jpg]
[corpthemes.com/html/sumi/images/parallax/bg-parallax8.jpg]
[corpthemes.com/html/sumi/stylesheets/style.css]
[corpthemes.com/html/sumi/stylesheets/responsive.css]
[corpthemes.com/html/sumi/stylesheets/jquery.datetimepicker.css]
[maxcdn.bootstrapcdn.com/font-awesome/4.7.0/css/font-awesome.min.css]
[corpthemes.com/html/sumi/stylesheets/colors/color1.css]
[corpthemes.com/html/sumi/stylesheets/animate.css]
[corpthemes.com/html/sumi/index.html]
[corpthemes.com/html/sumi/menu.html]
[corpthemes.com/html/sumi/images/shop/1.jpg]
[corpthemes.com/html/sumi/images/shop/5.jpg]
[corpthemes.com/html/sumi/images/shop/6.jpg]
[corpthemes.com/html/sumi/images/shop/7.jpg]
[corpthemes.com/html/sumi/images/shop/2.jpg]
[corpthemes.com/html/sumi/images/shop/3.jpg]
[corpthemes.com/html/sumi/images/shop/4.jpg]
[corpthemes.com/html/sumi/menu-single.html]
[corpthemes.com/html/sumi/images/clients/1.png]
[corpthemes.com/html/sumi/images/clients/2.png]
[corpthemes.com/html/sumi/images/clients/3.png]
[corpthemes.com/html/sumi/images/clients/4.png]
[corpthemes.com/html/sumi/reservation.html]
[corpthemes.com/html/sumi/images/shop/8.jpg]
[corpthemes.com/html/sumi/images/shop/9.jpg]
[corpthemes.com/html/sumi/images/shop/10.jpg]
[corpthemes.com/html/sumi/images/shop/11.jpg]
[corpthemes.com/html/sumi/images/shop/12.jpg]
[corpthemes.com/html/sumi/images/shop/13.jpg]
[corpthemes.com/html/sumi/images/shop/14.jpg]
[corpthemes.com/html/sumi/images/shop/15.jpg]
[corpthemes.com/html/sumi/images/shop/16.jpg]
[corpthemes.com/html/sumi/shop.html]
[corpthemes.com/html/sumi/images/blog/4.jpg]
[corpthemes.com/html/sumi/images/blog/b2.jpg]
[corpthemes.com/html/sumi/images/blog/1.jpg]
[corpthemes.com/html/sumi/images/blog/2.jpg]
[corpthemes.com/html/sumi/images/blog/3.jpg]
[corpthemes.com/html/sumi/blog.html]
[corpthemes.com/html/sumi/images/blog/c1.png]
[corpthemes.com/html/sumi/images/blog/c2.png]
[corpthemes.com/html/sumi/blog-single.html]
[corpthemes.com/html/sumi/images/imagebox/5.png]
[corpthemes.com/html/sumi/images/imagebox/6.png]
[corpthemes.com/html/sumi/images/team/1.png]
[corpthemes.com/html/sumi/images/team/2.png]
[corpthemes.com/html/sumi/images/team/3.png]
[corpthemes.com/html/sumi/images/about/1.png]
[corpthemes.com/html/sumi/about.html]
[corpthemes.com/html/sumi/images/portfolio2/3.jpg]
[corpthemes.com/html/sumi/javascript/countdown.js]
[corpthemes.com/html/sumi/images/portfolio2/4.jpg]
[corpthemes.com/html/sumi/images/portfolio2/5.jpg]
[corpthemes.com/html/sumi/images/portfolio2/7.jpg]
[corpthemes.com/html/sumi/images/portfolio2/8.jpg]
[corpthemes.com/html/sumi/images/portfolio2/6.jpg]
[corpthemes.com/html/sumi/gallary.html]
[corpthemes.com/html/sumi/contact.html]
[corpthemes.com/html/sumi/gallery-list.html]
[corpthemes.com/html/sumi/themesflat.html]
[corpthemes.com/html/sumi/fonts/glyphicons-halflings-regular.html]
[corpthemes.com/html/sumi/fonts/glyphicons-halflings-regulard41d.html]
[corpthemes.com/html/sumi/fonts/glyphicons-halflings-regular-2.html]
[corpthemes.com/html/sumi/fonts/glyphicons-halflings-regular-3.html]
[corpthemes.com/html/sumi/fonts/glyphicons-halflings-regular-4.html]
[corpthemes.com/html/sumi/fonts/glyphicons-halflings-regular-5.html]
[corpthemes.com/html/sumi/fonts/fontawesome-webfont3e6e.eot]
[corpthemes.com/html/sumi/fonts/fontawesome-webfontd41d.eot]
[corpthemes.com/html/sumi/fonts/fontawesome-webfont3e6e.woff2]
[corpthemes.com/html/sumi/fonts/fontawesome-webfont3e6e.woff]
[corpthemes.com/html/sumi/fonts/fontawesome-webfont3e6e.ttf]
[corpthemes.com/html/sumi/stylesheets/font-awesome.css]
[corpthemes.com/html/sumi/fonts/ionicons28b5.eot]
[corpthemes.com/html/sumi/fonts/ionicons28b5.ttf]
[corpthemes.com/html/sumi/fonts/ionicons28b5.woff]
[corpthemes.com/html/sumi/stylesheets/ionicons.css]
[corpthemes.com/html/sumi/fonts/flexslider-icon.eot]
[corpthemes.com/html/sumi/fonts/flexslider-icond41d.eot]
[corpthemes.com/html/sumi/fonts/flexslider-icon.woff]
[corpthemes.com/html/sumi/fonts/flexslider-icon.ttf]
[corpthemes.com/html/sumi/fonts/flexslider-icon.svg]
[corpthemes.com/html/sumi/stylesheets/flexslider.css]
[corpthemes.com/html/sumi/stylesheets/owl.video.play.png]
[corpthemes.com/html/sumi/stylesheets/owl.carousel.css]
[corpthemes.com/html/sumi/images/portfolio/bg.png]
[corpthemes.com/html/sumi/images/tabmenu/1.jpg]
[corpthemes.com/html/sumi/images/right_arrow.png]
[corpthemes.com/html/sumi/images/left_arrow.png]
[corpthemes.com/html/sumi/images/bg/1.jpg]
[corpthemes.com/html/sumi/stylesheets/shortcodes.css]
[corpthemes.com/html/img/revolution-slider/gradient/g30.png]
[corpthemes.com/html/img/revolution-slider/gradient/g40.png]
[corpthemes.com/html/assets/revolution-slider/shadow1.png]
[corpthemes.com/html/assets/revolution-slider/shadow2.png]
[corpthemes.com/html/assets/revolution-slider/shadow3.png]
[corpthemes.com/html/assets/revolution-slider/gridtile.png]
[corpthemes.com/html/assets/revolution-slider/gridtile_white.png]
[corpthemes.com/html/assets/revolution-slider/gridtile_3x3.png]
[corpthemes.com/html/assets/revolution-slider/gridtile_3x3_white.png]
[corpthemes.com/html/assets/revolution-slider/boxed_bgtile.png]
[corpthemes.com/html/assets/revolution-slider/bullet.png]
[corpthemes.com/html/assets/revolution-slider/bullets.png]
[corpthemes.com/html/assets/revolution-slider/bullets2.png]
[corpthemes.com/html/assets/revolution-slider/bullet_boxed.png]
[corpthemes.com/html/assets/revolution-slider/navigdots.png]
[corpthemes.com/html/assets/revolution-slider/small_left.png]
[corpthemes.com/html/assets/revolution-slider/small_right.png]
[corpthemes.com/html/assets/revolution-slider/arrow_left.png]
[corpthemes.com/html/assets/revolution-slider/arrow_right.png]
[corpthemes.com/html/assets/revolution-slider/small_left_boxed.png]
[corpthemes.com/html/assets/revolution-slider/small_right_boxed.png]
[corpthemes.com/html/assets/revolution-slider/arrowleft.png]
[corpthemes.com/html/assets/revolution-slider/arrowright.png]
[corpthemes.com/html/sumi/images/slides/timer.png]
[corpthemes.com/html/assets/revolution-slider/coloredbg.png]
[corpthemes.com/html/assets/revolution-slider/loader.gif]
[corpthemes.com/html/sumi/font/revicons90c690c6.eot]
[corpthemes.com/html/sumi/font/revicons90c690c6.woff]
[corpthemes.com/html/sumi/font/revicons90c690c6.ttf]
[corpthemes.com/html/sumi/font/revicons90c690c6.svg]
[corpthemes.com/html/sumi/stylesheets/revolution-slider.css]
[corpthemes.com/html/sumi/images/facybox/fancybox_sprite.png]
[corpthemes.com/html/sumi/images/facybox/fancybox_loading.gif]
[corpthemes.com/html/sumi/images/facybox/blank.gif]
[corpthemes.com/html/sumi/images/facybox/fancybox_overlay.png]
[corpthemes.com/html/sumi/stylesheets/fancybox_sprite@2x.png]
[corpthemes.com/html/sumi/stylesheets/fancybox_loading@2x.gif]
[corpthemes.com/html/sumi/stylesheets/jquery.fancybox.css]
[corpthemes.com/html/sumi/stylesheets/magnific-popup.css]
[corpthemes.com/html/sumi/images/search.svg]
[corpthemes.com/html/sumi/images/parallax/bg-parallax2.html]
[corpthemes.com/html/sumi/images/parallax/bg-parallax3.html]
[corpthemes.com/html/sumi/images/parallax/bg-parallax5.html]
[corpthemes.com/html/sumi/images/parallax/bg-parallax4.html]
[corpthemes.com/html/sumi/images/parallax/bg-parallax7.html]
[corpthemes.com/html/sumi/images/parallax/bg-parallax8.html]
[corpthemes.com/html/sumi/fonts/fontawesome-webfont3e6e.svg]
[corpthemes.com/html/sumi/fonts/ionicons28b5.svg]
[corpthemes.com/html/sumi/fonts/flexslider-icon.html]
[corpthemes.com/html/sumi/stylesheets/owl.video.play.html]
[corpthemes.com/html/img/revolution-slider/gradient/g30.html]
[corpthemes.com/html/img/revolution-slider/gradient/g40.html]
[corpthemes.com/html/assets/revolution-slider/shadow1.html]
[corpthemes.com/html/assets/revolution-slider/shadow2.html]
[corpthemes.com/html/assets/revolution-slider/shadow3.html]
[corpthemes.com/html/assets/revolution-slider/gridtile.html]
[corpthemes.com/html/assets/revolution-slider/gridtile_white.html]
[corpthemes.com/html/assets/revolution-slider/gridtile_3x3.html]
[corpthemes.com/html/assets/revolution-slider/gridtile_3x3_white.html]
[corpthemes.com/html/assets/revolution-slider/boxed_bgtile.html]
[corpthemes.com/html/assets/revolution-slider/bullet.html]
[corpthemes.com/html/assets/revolution-slider/bullets.html]
[corpthemes.com/html/assets/revolution-slider/bullets2.html]
[corpthemes.com/html/assets/revolution-slider/bullet_boxed.html]
[corpthemes.com/html/assets/revolution-slider/navigdots.html]
[corpthemes.com/html/assets/revolution-slider/small_left.html]
[corpthemes.com/html/assets/revolution-slider/small_right.html]
[corpthemes.com/html/assets/revolution-slider/arrow_left.html]
[corpthemes.com/html/assets/revolution-slider/arrow_right.html]
[corpthemes.com/html/assets/revolution-slider/small_left_boxed.html]
[corpthemes.com/html/assets/revolution-slider/small_right_boxed.html]
[corpthemes.com/html/assets/revolution-slider/arrowleft.html]
[corpthemes.com/html/assets/revolution-slider/arrowright.html]
[corpthemes.com/html/assets/revolution-slider/coloredbg.html]
[corpthemes.com/html/assets/revolution-slider/loader.html]
[corpthemes.com/html/sumi/font/revicons90c690c6.html]
[corpthemes.com/html/sumi/font/revicons90c690c6-2.html]
[corpthemes.com/html/sumi/font/revicons90c690c6-3.html]
[corpthemes.com/html/sumi/font/revicons90c690c6-4.html]
[corpthemes.com/html/sumi/stylesheets/fancybox_sprite@2x.html]
[corpthemes.com/html/sumi/stylesheets/fancybox_loading@2x.html]
